// Jest Snapshot v1, https://goo.gl/fbAQLP

exports[`LoginComponent renders correctly 1`] = `
<DocumentFragment>
  <form>
    <div>
      <label>
        ユーザー名
      </label>
      <input
        name="username"
        placeholder="username"
        value=""
      />
    </div>
    <div>
      <label>
        パスワード
      </label>
      <input
        name="password"
        placeholder="password"
        type="password"
        value=""
      />
    </div>
    <button
      data-testid="submit"
      type="submit"
    >
      ログイン
    </button>
  </form>
</DocumentFragment>
`;
