// Jest Snapshot v1, https://goo.gl/fbAQLP

exports[`MyComponent renders correctly 1`] = `
<DocumentFragment>
  <div>
    <h3>
      Hello, Jest!
    </h3>
  </div>
</DocumentFragment>
`;

exports[`renders correctly 1`] = `
<DocumentFragment>
  <div>
    <h3>
      Hello, Jest!
    </h3>
  </div>
</DocumentFragment>
`;
